An error occurred: / by zero
